// Jest Snapshot v1, https://goo.gl/fbAQLP

exports[`Header component should render 1`] = `<Header />`;
